swax159@gmail.com:dM4g3q4Tn@&,$/p
alexkrs.gamingv2@outlook.com:Cronaldo7
lukas.torkki203@gmail.com:pQLwZTw.,*7.&Fn
babyk_k69@icloud.com:Mmb32110
maxandriver5@gmail.com:Fraggle1
sarahot2001@gmail.com:Iapple123
enzogabrielsilvapinheiro22@gmail.com:BZ2L$nJ4@V_KggK
manasandreivalentin7@gmail.com:zenmas-3Vadpe-dofkyj
kinawahati:A.8Qz.397JKUfsV
sphinx_comic0s@icloud.com:Fuckyoudeep
xizla27@gmail.com:2112001Maice.
zenmaster@telenet.be:Slut87
manefi6636:T2cLH9mtfRP9*VH
alfredoardilalc@gmail.com:Alf.260277
dvhxa917@gmail.com:1Hany1
ultrapanch@yahoo.com:@Pantera25
strong69gio@yahoo.com:mirelaGeorge1
hkhemant91@gmail.com:Hemant2507#
adilette1337@gmail.com:Gerd1234
nicogatgst@gmail.com:300986nico
loftyattitude@gmail.com:Hislofty1
fefernandom@hotmail.com:Fern@ndo10
emirhan.baass@gmail.com:Emirhan.1221
aphinat6603@gmail.com:0873571138Za
berkan.demirel@hotmail.com:82419568Asd
holinaturerio@gmail.com:Das012378910
jabriel514@gmail.com:951728Gordo10
antoniomezagerente@gmail.com:TEamochaturbate9017
chpmnbrody@gmail.com:Almis2010
ajwarriner06@Gmail.com:Hockeyman83
muku368@live.com:Mukul3590
erickbarrera77@gmail.com:Erick17ba
kinkyprincess04@gmail.com:Goawaycheater22!
toplabilgini@gmail.com:Ali123ali
kevinmotte1@hotmail.com:6iN_F2mB*Gw!?@4
petrol1234bhai@gmail.com:deva@21sep
lucmansillaa.18@gmail.com:Mavi3793
ereyepe@gmail.com:Ed123123
loserondra@gmail.com:Ondrasek_1122
greekadoniz@gmail.com:mailmail1
brandonkingviper1@gmail.com:Lichking1
parpsike@gmail.com:Apple143@@
justicehokett2003@gmail.com:Gage161977##
calvines@gmail.com:Continua85!!
ahmed2030khaled@gmail.com:A7med@@@
bentbria@gmail.com:Vodafone23!
lorerodriguezs24@gmail.com:Lorena24
akinnagbe711@yahoo.com:Tyson71q
aminem.yt1@gmail.com:Amine@2007
sam.swayne@att.net:Florida89!
michaelabelle0727@gmail.com:Littlelucy0217
ido4324.eraky@gmail.com:kisjev-fyjsa7-bEqpyg
wachimancarrintongrodney@gam:Y97)tdS25X82n%b
cze.nikko.cze@gmail.com:Kokotus123
ledex72@gmail.com:Am14n147
bererichi@gmail.com:V.wmi!_T.6?3BnQ
kiahanderson414@yahoo.com:Atanu@123
witeszczakam@gmail.com:10Iux8lt
luiz1622011@gmail.com:96191207Lu
bipulgupta39@gmail.com:skg/&E9xg7&N&Ua
onlyfifa1097@gmail.com:181931Jp
lohmannaaron@gmx.de:Emma12082012
elizabethchavarria919@gmail.com:Elizabeth919#2001
Skripkaa.Tomas@gmail.com:aTAC@3f!wF@6rLw
Sanna-Sverige:sAN004197
chantaldufort1974@outlook.com:Laurieanne1
jorgecarlosgp94@gmail.com:Jorgec@rlos94
porrasedinson@gmail.com:Ed1ns0n1990+
tomstrangelove88@gmail.com:AstroZiv123
panos:EjMnH_2Gy$8r8Cz
golfbugge@gmail.com:Bugtrup30
aldinojunior611@gmail.com:Al040611
ptmen45:s6X62ua/cj$87&j
tommasomarzini@gmail.com:Onmetrix10000
rhysglover12@outlook.com:Slumberparty2
piloka7234@rartg.com:a)ab86EN#yA-Rx)
demisdimuro@gmail.com:Nokian70
dmertx.xpro@gmail.com:112dmrt02
zambelli06guido@gmail.com:Piccionestupido3000
whatuneeeed@gmail.com:samUfvg46
NyfikenUngSvenskFru:Larsson004197!!
ch3vylif31986@gmail.com:@N0raa1986
natixsh2@gmail.com:Nathan007++
gkmparty@gmail.com:19960629Km
alejandro.fonseca.vicente@gmail.com:AlejandroFonseca22
jdhughes711@gmail.com:Beamled1
dmaurialexander04@gmail.com:2031Da2004
jalkastudio@gmail.com:H-Joseph-150970
cristian.lilromeo@gmail.com:Gdlmexico26
euplugde@gmail.com:Azerbaijan2!
onlysandi.only@gmail.com:Bals3100
deian.13.simi@gmail.com:CAVALER44
bakr_almufty:BakirIslam@1
marioahmedeid107@gmail.com:LazuBaciului1
cuentaquenousaremas044@gmail.com:Avenito321
pepeppsada@gmail.com:of2023Tqto?
dianatoma2000@yahoo.com:Parola1212
poolpartywithnoodle@gmail.com:Spotcat272!?
yaarji200@gmail.com:Mukul@9354054028
5512382428282752:531
broussard178@gmail.com:Fuckthis@6969
1000171@daffodil.ac:Foysal@0159
wachimanca:Y97)tdS25X82n%b
estudiounderdog@gmail.com:COCApreta333
hasp.sanchezperez@gmail.com:Hasleen17
jaime.morales3167@gmail.com:Ch1cag01$
ALEN:Alen1965
reader8113@gmail.com:Ninjanate333!
jannatulferdousanannabarisalbe@gmail.com:bhabnaDUDH32
interflow199@gmail.com:Agosto199
Akshay.walton@outlook.com:Akshayjay9
svelascocarballido@gmail.com:ZULAhombre20
tyrekstephenson881@gmail.com:TyReK1.8
matheushenriqueteteu2004@gmail.com:Mateush2004
ledezmachris52@gmail.com:@Soldado22
onlyfans:SPRINGFEVER23
feeshguy@gmail.com:Drake928
shulich@hotmail.com:abraxas
porrasedinson@gmail.com:Edinson1990
zambelliguido06@gmail.com:Kebabbaro06
claudia_qz@hotmail.com:C160409m
froxys74@gmail.com:Roro1811
sven@osterwald-design.com:Sven4988
yayistelegram@gmail.com:Ocelot1
acdssfs@gmail.com:Abdo1212
4105:824
akinnagbe711@gmail.com:Tyson711
paraso3748@wenkuu.com:BP29YGm7gg+xtgG
zodaxxnightcore@gmail.com:Appelmoes123
mia@onlyconejo.com:Toby1luv!
diazromerosarah@gmail.com:MbSb0910
blksocks1@gmail.com:Schitt$Creek01@
teorichard347@gmail.com:Tete85340
blksocks1:Kepalle99@
brynpearson99@gmail.com:Bryn2020
yamilataie815@gmail.com:yamila815S
ricardosingh019@gmail.com:sep110908
cuentassdefortnitee@gmail.com:Munuera_06
hdhdhsjshshh@gmail.com:cazzoduro02999V
mariusandreihen45@gmail.com:Manea23!A2008
gooff4194@gmail.com:Buzz0813
Ogge123:Hemligt123
yenyen.people@gmail.com:Onlyfans4all
tibor@trnetworksolutions.com:BakirIslam@1
ak084052@gmail.com:A7med@@@
thisisforcodmw421@gmail.com:Bethany321
Fast.suleman@gmx.com:'.ixaarFWaGH.K9
7messalilinda@gmail.com:Kebabbaro06
waiccpn@gmail.com:As2006049
weedstreet56@gmail.com:Maman08200
gaymer5m@outlook.com:Hellfire91406
Mirandacori326@gmail.com:Disculpamesho94
mohammadnandi620@gmail.com:Mohammad505
tomik.uhl@seznam.cz:Jistebnik491
lorry30rr:15014459253Hwj
morgancroft1998@outlook.fr:Laralady23
jassbir1469@gmail.com:bir45Singh
hannylyngdoh@gmail.com:Remtluanga
kepalle@sbcglobal.net:918975aaoSabreIberia01
coolxxx2020@gmail.com:Dssck2024
iamxpxts@gmail.com:Jdr12021989
stvvergara@gmail.com:Fb29b9e9
amiinea2007@gmail.com:Amine@2007
mostrider031@gmail.com:K+G@53.QN$2AySd
gkfjy@hotmail.com:chocomare4Ed2
meagan_look@hotmail.com:Lookatme1234
sebitasdel@outlook.com:Mifecha200901
chessbess6@gmail.com:)$FcNr)b8@n9m9h
tsx576409778@outlook.com:Ljjjjjjjjjj10
lex.v2612@gmail.com:Peixes126
mmdobe@gmail.com:Anastasia2
hakkanierfan@gmail.com:Eh09199740019
outfielder2@gmail.com:Diesel10_20
salvoscardamaglio@gmail.com:Porcosuino89
wachimancarrintongr:Y97)tdS25X82n%b
arangelarangel@gmail.com:Castro08
hosiyars281@gmail.com:Pussy@000
davide.bertaina@libero.it:Onlyfans!8
paladium1432@gmail.com:Berlin.2080@@
wes15norris@hotmail.com:NE6!xik,AE7k,3G
4217470122941525:359
b3amann86@gmail.com:@N0raa1986
Una:992
rawnrop@gmail.com:tryv84s9F_M7ZqE
sidoxbo@gmail.com:Kmart95!
islapbeats@icloud.com:Nala12021989!!
29920:796
minewarcob10@gmail.com:Calamity666+
ayoubelachhab118@gmail.com:Ayoubmoha20
gabriel.berthet972@gmail.com:Atajoto2
jeerojoker@gmail.com:Jeerojoker@43
francorambo74@gmail.com:Asroma_1974
maxleyon02@gmail.com:42a5!rA53-n/Ze)
yenyen.people@gmail.com:Mailmail1
ssssrrrr794@gmail.com:LickDick89
teorichard347@gmail.com:589
zainzn.10@gmail.com:Jakarta123
HamzaFarid789@gmail.com:Hercules.7890@
youngallen66@gmail.com:Allen0504
simeon_sepetchiev@abv.bg:Sim4o2010
4432871685:0s1f.v.cdg037fp
rickastleyben@gmail.com:Pj7qrJ+2MXNYs$k
smithshuggie@gmail.com:FQT6_DB?xc?L*?Y
margirgamad@gmail.com:%H@_SU!.LJzrJS5
arifdon54@gmail.com:bhabnaDUDH32
elvispavon59@gmail.com:Mamalinda77
onlyfansad44@gmail.com:Pas064588576
nishad3212@gmail.com:Nishad202087
leocriswell2005@gmail.com:Leo211Criswell
vidojevicjanko6@gmail.com:Gaser1233
yousefsamara5454@gmail.com:737
mcjaden.p@gmail.com:u8gRzVgGzAE#Z*m
cuentabarcodea@gmail.com:HERMANO56$$ae
jorgequintiliano@gmail.com:Jorge080379
yenyen.people@gmail.com:M@ilmail11
cerensy00@gmail.com:Ceren1212
friskdeltarune12@gmail.com:Minecraft12!
erparm19@gmail.com:giIUM1pRZOpz1_x
konniewooo@gmail.com:Ddavis2727
caaan837@gmail.com:t+HUpUta9cp_GJ8
Constanceosaze8@gmail.com:Constance@1
drpharos04@gmail.com:Junior123
yamilataie512@gmail.com:yamila512S
barry.bradford@westnet.com.au:K4rr4K$tt4!@#
jhon_diegoas@hotmail.com:Jhon20023
JOISANDsanchez3:JOISANDsanchez3
phamchcokate@gmail.com:Dur5nt@
maestroospinamachado@gmai.com:Tesla0369
joseluisanchez03@gmail.com:JOISANDsanchez3
whotheduck4@gmail.com:Newp1ssword
1000171@daffodil.ac:Foysal@30159
saucerisk@gmail.com:its&UgW_u9!.pCq
anshvir1985@gmail.com:Ansh1456/
2024:188
evann.furlan@gmail.com:Evanbhyeu63@@
e061070@gmail.com:Katrina@70
guebandres@gmail.com:Antheusandres3338
wilson.alencastro@gmail.com:Alen1965
karla.stojan56@gmail.com:9jyXyrA2
nrm_011292@hotmail.com:liga011292A
susanonimus93@gmail.com:CaioBraga#23
weltraum:Emir.109
deepcreationsjsr@gmail.com:Deep@5761234
wulzholzmanngg@gmail.com:Eistee2006
ahdidi08@gmail.com:Amine@2007
robertomrau@gmail.com:aG!.6*?zBgCtsBL
edgarferma@gmail.com:edgar751
lipovo1191@xoroda.com:Abdul12431243
4815163032571237:714
anthony184514@gmail.com:Sparky45+-..
jl1993926@gmail.com:TAMU@2020jl
contact.zacleboss@gmail.com:Maelie345
freddiegoodson@gmail.com:Chrisg2006
naickerjd@gmail.com:Jdizzle5397
jearevalo67@gmail.com:Espartac012345
hannylyngdoh@gmail.com:Lalremtluanga@_7
tiaracollier57@gmail.com:Nalababy57$$
dantekaempf625@gmail.com:123Schokobrei
rsihue@hotmail.com:Lanarh0ades
juniorsteven420@gmail.com:123456789Only
kondoesdrugs@gmail.com:Ddavis2727
ramirez.emmanuel@consa.edu.do:emmanuel1026
bernwokoun@gmail.com:Bern1rd@#
marquezjoel325@gmail.com:zP66W7Q$gPq@HnH
wiktorxiema:Wmarczewski123
deutschnew977@gmail.com:09390208982@X2bc1
nn4emeka@gmail.com:Qwertyuiop88
4217470173867405:384
louisb17@outlook.com:Astonvilla1
fherrera1985mt@gmail.com:Mauri2309
grospetard:pLftH6pxhe2U82c
crobviel@gmail.com:Robviel13
stoicaandrei731@gmail.com:andreishdvdvc
j.burrows1970@gmail.com:Spamb0
nokixthai@gmail.com:LubieRodzyNki521
lenox_11@hotmail.com:@Soldado22
darkycrunchy@gmail.com:988264John333
tizytadel@gmail.com:Samira1969
mattscaro@icloud.com:AntaniCauda98
anonimus1653@gmail.com:Anonimus56r
antheusanon@gmail.com:Antheus3338
anthony_14_91@hotmail.com:Najd/21/
kevin:6iN_F2mB*Gw!?@4
szw3035647736@hotmail.com:Musclehk2002213
gameking99@gmail.com:99999999a
mafiapt07@gmail.com:Fabiogomes7745
parejamadrid2007@hotmail.com:Galo1982
threedragons40@gmail.com:Ga@180907
fergal.lima@gmail.com:putaria77
ikerlugo1512@gmail.com:#8RGMd8bzyjYw9$
edmargerodyjogos@gmail.com:Deus4002
djh.daniel@me.com:kixbyv-habjum-7qywSy
5264306529378474:834
Mahdymores@protonmail.com:Biduk1992
turlui840@gmail.com:Mummia55
urbanodictionaryo1@gmail.com:Tyler!123
chinsuncmam2@gmail.com:Congminh2010
tuzkalp@seznam.cz:Patrik227
nicobrianes@hotmail.com:300986catA
lanaricci6@gmail.com:MwAzewtom19-$
ankitxingh5@gmail.com:123@Ankit
dcierpicki5@gmail.com:Aw30okaq1
aimukhtarrkt@gmail.com:Mamamia15
robotjilmek@gmail.com:696914andikA
emrenilumut@gmail.com:Klaus1506
phunsakorn.max@gmail.com:Phunsakorn1993
matthewcarder1@gmail.com:@8uxbz6HChjTJk*
valeriawend2015@gmail.com:Frequentemente12
zamxyutube@gmail.com:Dioporco1234!
Blksocks1@Gmail.com:Schitt$Creek01@
LeeA.Robinson:q.Jdj.yCM!Sg!.4
hamzachance2@gmail.com:hamzachance2@-
jacobghray@gmail.com:Fallout76@
mostrider033@gmail.com:Tete85340
2021:850
grazyelarodriguez39@hotmail.com:Grazyela9876*
Ineshka.fernando06@gmail.com:Spaghetti-216
aldop2194@gmail.com:Ampc@2105
iorqenk@yahoo.com:Lanarh0ades
imadkgankpk543@gmail.com:shah1122
tegali@gmail.com:Flapenta09
jorgequintiliano@hotmail.com:Jorge080379@
yourworldmob@gmail.com:65426542773Preme+
remtluanga07062003@gmail.com:Lalremtluanga@7
sethyjfox8113@gmail.com:Knottybeard77
ine06fernando@gmail.com:Spaghetti-216
manu03bett@gmail.com:Piccionestupido17
7afozli9618@gmail.com:3A3A3ot618
lucifermenzes123456@gmail.com:Mishra123
muti426tr@gmail.com:fBJ748580604
bpkgeek399.4332@gmail.com:proton2552
santiborda07@gmail.com:Sb09060906
marciogbraga@gmail.com:MGBs160395@@
Ginny0851@gmail.com:Ll-_AaZzNn213+
rashan1777@proton.me:Australia123!
jamessam5810@gmail.com:Lilot5810
rehanmehmood705@gmail.com:7bD6bipwh82TL8G
saulbuendia19@gmail.com:CHINOsaul9800SORSAXXX
raresgamer007@gmail.com:Rares2007*
victorhugo5920091234@gmail.com:panoazul123
anitalopes987@gmail.com:Anita54321
nuthbas2@gmail.com:Wmm0909ppll
Only:JorgemvikelM2021
brockradford2003@outlook.com:Alexeerose1
erdi8vokshi@gmail.com:Erdiking123
antoniomatei28051994@gmail.com:Morfeus1.!
gggghhhhgggghhhh92000@gmail.com:Emondora6102!
pablorodriguezdeacuna@gmail.com:Pablo19927#
davidfoggie2@gmail.com:XA@y3rp*7wHBgRC
shyheemstaley523@gmail.com:Shyheemsb09
terrormasteryt@gmail.com:JoaquinXeneize2001
jorge_tgsc@live.com:Bonjovi30
g3547117@gmail.com:Italy8900
sais14929@gmail.com:Sandeep142227
pirvanalina1988@yahoo.com:Alina1988
fiutkowskitomek@gmail.com:Fiutkowskitomaszgrizzly2137.
DiDihainaut2@gmail.com:DiDihainaut596001
giovannipiolalla@gmail.com:Lalla51209
caln8tive11@gmail.com:avwtbybbs11
affernando2002@gmail.com:Luis12344
matiasraulaq@gmail.com:14M10A08x
jaequaninfo@gmail.com:b56*$PbHT669r&7
evelindelrosario02@gmail.com:Evelin1979CG
evaop2@gmail.com:E1978D2011i
rivals4831:Hydrogen2010$$
duzimax4@gmail.com:AnaLinda123
alextoomey1031@outlook.com:*pmzg&&e99.-M$2
blackrx4@hotmail.com:Infraction77
taskovvfingerboarding@gmail.com:Tamara08
aanon6407@gmail.com:239143Dd
DiePeanut363@gmail.com:creePer188!
mvqgpckbyhnjvrvccg@sdvrecft.com:mybookis1kA
rafaelbatistamendes1311@gmail.com:Gabigol99
adriancastillootl@gmail.com:729
donovannergal@gmail.com:Jtag1999
lorenzozoubi@gmail.com:pRVl@p$10GATBvi
fjunior04@hotmail.com:Fabio1
rajveergametopper99@gmail.com:Sonuchinu927
alannaalmeidasilva@gmail.com:Alanalara0!
demonabggg@gmail.com:gostinq76
1840000:838
krystiangaming@o2.pl:Aniaoliwia2
Tycitadzik123@gmail.com:Woojdzij090807
icarobloxfruits74@gmail.com:424235icaro
jahst4kicks77@gmail.com:Infraction77
dahomahunter625@gmail.com:6LOCK$VLONe
travitravpw@gmail.com:Sivart23$
erdivokshi69@gmail.com:Erdiking123
pablorodriguezdeacuna2020@gmail.com:pablorodriguezdeA7
marcosfast4@gmail.com:MarcoS1
bambango@yahoo.com:MinervA3001
5176081175627360:370
madandas6795@gmail.com:madanU776
lucas.lazic@ucenci.tonetacufarj:th13Ybae3B
kiharamark7@gmail.com:M123456q
chvhvvchvgjvxhcc@gmail.com:Abdelhak99
4569332805486570:722
wikyman@live.com:Reynosa713
ymada16@gmail.com:Nyaina420.
8wiwwiwiiswiw@gmail.com:9G9sJax_t!qbptw
kratec25@gmail.com:2403KratS
cuhnation706@gmail.com:KIndcoach3456
monicaherreraperez@gmail.com:Terracan1971
verzuz69@yahoo.com:587
jamielymar@gmail.com:Maroon1980
alfsnedker19@gmail.com:As221011
lleevyymarques@outlook.com:Levyym@r321
wikyman@live.com:King713Tavo$
nickne6768@gmail.com:Berastagi301005
josejnajas@gmail.com:?C,A2VF4NjmeH?_
kaine.lackey@gmail.com:Kainer2004
coles351@gmail.com:Coben140611
adrixonly@gmail.com:365Passmn
xfreshy_ro@yahoo.com:hw%jn_szY!9M)Y?
jack123432157@gmail.com:lols.Gg123##
jackflash1219@outlook.com:/M2WjXwJ6JQCa+2
gungumstyle2@gmail.com:uw.r+,Bxz54a+SQ
milangjerde@gmail.com:Oren2022!
hagoppamboukjianrdjr@gmail.com:nSfTyqpht6b&Z-%
mauricionana350@gmail.com:123456Ptt
sandleydixon8@gmail.com:Maxmax30$
mika.peltonen@kotiposti.net:Salasanasana85
anwar123selmane@gmail.com:#Nd83g-!FTDM3ND
josafabalieiro@gmail.com:@Crocodilo22
offlinegorilla@outlook.com:Twitch@1
gungvusalt@gmail.com:Nathani3l_302
Ale:Nicolas11
peytonhancock03@gmail.com:MmmMoanForme12182007
loveizlife6969@gmail.com:Passpass1@
bangzdax@gmail.com:Ilikerobert2
angelovvelko64@gmail.com:VelkoHolly27
ronipeperoni8@gmail.com:WEBIWABO3060w
adam.cizek@yahoo.com:Ac247869
mohmdmohmd1114@gmail.com:123456789moh
ivoavari@icloud.com:Potefaen69
i18bkwinten@eduarenas.com:Kwinten1342
cnasty1121@mail.com:Nomed1121
wutnamuk888@gmail.com:Wmm0909ppll
sophialeedoll@gmail.com:M1l0uNOMNOM
littleparsa11@gmail.com:Kalam123
kogan92@gmail.com:An@5t@c1@
sa123dfk:skibiditoilet
anjayseratus94@gmail.com:Berastagi301005
ciroviolayt@gmail.com:Morenita.27
onion24kk@gmail.com:pOYA1212
isakafus@gmail.com:i05445801274
shakerblood94@gmail.com:GDnq&p-?NmN/B75
leoissmartboy17@gmail.com:Comeon_leo13
cesaro_the_best@hotmail.com:Almita1286.
owai80926@gmail.com:wR%pm*h5r83yiLC
Maina:Nyaina420.
v8drzz@gmail.com:96Subierooej.
nisse1071@gmail.com:P&MW2Mn.$9QV.d2
akrumaten16@hotmail.com:Julioalan12
skipidii57@gmail.com:t_)8tcWR+kQNS7A
mafe.silva.2015@hotmail.com:onlyfans
burtonhudson745@gmail.com:Salada1223
acemangottom09@gmail.com:Aceman0709!
leb23845@gmail.com:Binh999lol
ivanpozhydajev572@gmail.com:#-8,Sc4/.fzJbXW
Geez:hotdogs
garak35173@apifan.com:Naimad198@
plpwarwarwar@gmail.com:6m%Y,2KD6SG+bfb
hongtae.yaypaw@gmail.com:Yaypaw12345
domas.dbrs@gmail.com:gayiamgiddfghhgvccccL322
jeremy.atkins@icloud.com:Shadowatkins2
omerdiyarer@hotmail.com:15AUG2001s!
gutwindieter6@gmail.com:Bruder1234
54455:868
denetriusbigley123@gmail.com:Demetrius123
logicmath.10@gmail.com:Matematicas1
manuelcalde60@gmail.com:982002.ManuelCalderon
badrnassirsvt@gmail.com:481
yasuo04251@gmail.com:Csimpike1
lucaslucas19@gmail.com:QBRk%2$@#K-4y2k
imashootyou1738@gmail.com:asddeddsa
ezaltlmao8@gmail.com:Xavier429
nicolas911player@gmail.com:Lss831
torugyl1998@gmail.com:Patoloco1998
jackyegiyan@gmail.com:Sexsexsex123
kogan92:An@5t@c1@
haiqalfikri85@gmail.com:h1q2l3f4k5r6
gauravonlyfans:tania20639
kimberlay.vinod@gmail.com:vw32075094
javierleon9797@hotmail.com:Redaben03
dimitrisoumountoumidis@gmail.com:Dimitris5567
jlawless1984@gmail.com:Jvernon1
karel.doprdele.zajel963@gmail.com:MRkeV963
odwarm1@gmail.com:Az1251978
jnl2k17@gmail.com:Kalimero1
zenithnove@gmail.com:12345Pizza
skeyyamonlyfans:Sheroid321_
russell412@live.com:Lakers412
khronic1122:Grimm2001
solomonnyarko833@gmail.com:Thehandofgod833
ohiomanden4235534:k/Y$?U.DwTFS2GA
justjona505@gmail.com:.9kU*5L3C/aRGR-
jsjdnhaks@gmail.com:Bbbupj_88
jicevav368@migonom.com:%kCU-97s4J3rM7n
griseoimpact@gmail.com:Reagankaren85
xiomaramartinezcitibox@gmail.com:365Passmn
nairiyerkanyan85@gmail.com:4)pP96?p##m)kPz
mago_ultimatebadass@hotmail.com:W5D#$f9LjKi-7@v
skipidii57t8@gmail.com:t_)8tcWR+kQNS7A
jamariomurphy60@gmail.com:rocketman500
sebasrodr0919@gmail.com:tatian
fedorovenzo@gmail.com:Mes2anges.
Kairo:ZjRstW4GX*6KzxK
kcsherman17@gmail.com:Kc12345!
muradme2005@gmail.com:murad2005
keithshonw@gmail.com:Rimuru122
mmmclo268@gmail.com:mm220170M
habibihamod062@gmail.com:Youbadbadboy2
shlwnha266@gmail.com:amer3erw3
yohi34928@gmail.com:Wenzel@99
antoniogomesfilho117@gmail.com:Egr4n4nobolc0
bangzdax@gmsil.comc:Ilikerobert2
t3alm-_-@hotmail.com:25425466aA
Vandraakgameplayer@gmail.com:2023onlyDrAk@#%
danielday970@gmail.com:vADj?_8*pS7V#D4
ninx06@gmail.com:sjc2WOBdoz48_7a
joaoseifertt@gmail.com:Qmnx?nRS@6p/h_z
mannyk.qld@gmail.com:Emmanuel04
Nataliavillanuevap57@gmail.com:Donko1455
roxmeleduardo084@gmail.com:M3a?M?mViGRB7-w
Albertostrap@gmail.com:Mart1na2013%
luisfco1804@outlook.com:Luisfco1804.
discayawilly9@gmail.com:10260820Niel
goquyy@gmail.com:C@rs2006
ahmetovic00@yahoo.com:Azerty@12
jaysonlignier6464@gmail.com:Pauline2511.
beatmrbro@gmail.com:z*2mR7/q)%B/zrH
hgjdsal:N)KyGR3!T&EFW.e
jhony1969moreira@gmail.com:Moreira1965.
juliocesarm0510@gmail.com:Chichosanches2004
dohoon602@gmail.com:Hilo1129^^!!
vitorhugop.game10@gmail.com:Vh!121312
miguel.cosatan@icloud.com:bKFT/d6e$8.!sHc
bom7madx1@gmail.con:M1122334455m
gelernte@blogisrael.com:Kennychr20
olekx44444@gmail.com:Aleksander1324
jedlikowdkiolav@gmail.com:Martyna1978
noahxcooke@gmail.com:LOve0119**
natanjunior31012021@gmail.com:12354678Nt
a6033@aeandresoares.pt:pedromiguel89
amrsad367@gmail.com:?H_!5.+Urk@2h!y
dozer16fulgezer@gmail.com:X/Dp.zdz8N4f*5Y
Joe:Lol00000poop111
dozer16fulgezer@gmail.com:0033memo01
leehutchinson04@gmail.com:Tyson2008
adorbabor@gmail.com:OUSS434rtu76543z
maurosales417@gmail.com:maurosales20051823
yeghiayanjack@gmail.com:nSfTyqpht6b&Z-%
pegagem31@gmail.com:ZnlaZnla31
aimandsouza@gmail.com:Aiman@0612
reapernexconn@gmail.com:fqsck4#E4HLaKVa
tom33552@seznam.cz:Gbelikxdfyzika1.
mdsllto3@gmail.com:Conta_01
5290970049605217:982
ikomaclapped@gmail.com:IchMagBurger1!
fay910freak@gmail.com:26Thugin$
cemmaa69@gmail.com:Emma6969
myk828019@gmail.com:Tamara08
davidfuentes721555@gmail.com:1W394k28
noohfoodisgood@gmail.com:Noohisthebest12
000:843
ydwhdd061@gmail.com:Idohadad2009
Ursabranca48@gmail.com:Kaykegomes.com2020
tysonromane9@gmail.com:Tromane34
gigimgim975@gmail.com:Hilo1129^^!!
itsyoboigravy@gmail.com:Spike_koda123
walden.blake@yahoo.com:Blake2008
marmarsavage553@gmail.com:Kminacut553
mariofioste@gmail.com:85s3j)@/C.EYLsq
tesonbryce6@gmail.com:Ajbj0608
13eksodos@gmail.com:13Eksodos!
delgiudiceleo@gmail.com:Bonsoirs1
franko.ponce1@gmail.com:Chiikyy21
jfcsosa86@icloud.com:Josue1986
malachirosecobran@gmail.com:124312Ma
tolly3605448@gmail.com:isaac2427
davidnathaniel721555@gmail.com:1W394k28
rondelrutherford@gmail.com:FlammingSkull_23
jindrichsvo@seznam.cz:JindrichSvo2010
fbraga.arq@gmail.com:P@cco36275700
rerambin117@gmail.com:827
edicastillo.es@gmail.com:otl5Espa11
janledvina999@gmail.com:Slos1234
epicfireone.0@gmail.com:Matematicas1
josejaplay4@gmail.com:Su_&-9cj!VN4uGu
33ilovecococola@gmail.com:Ilovecococolaman33!
vonleze@gmail.com:Zareke/12
heilmannenzo17@gmail.com:Mes2anges.
adamaboshahen12@gmail.com:Adam88113
yannick.kamin20@gmail.com:lol123...
thanhphuc09121983@gmail.com:20112009Simba
Jeremy:Boslayiel2023
vinodexter001@gmail.com:56667686#Vino
jujujulianjuju21@gmail.com:Julianisdaddy666
s.brechin@phoenixmodular.ca:1Phoenix1
natanjunior31012021@gameil.com:12354678Nt
nilaanadavyd878@gmail.com:nilaanadavyd
smigol021k12@gmail.com:p4knmXhAJLV637e
josejnajas2.0@gmail.com:Joseja_03
thomasbogota2017@gmail.com:Adez2022
bebeliz1999@gmail.com:Alexpk14
erdivokshii@gmail.com:Erdiking123
jack00broklyn99@gmail.com:Bader@2001
chillyof2024@gmail.com:15042002Perla
animeluffy21@gmail.com:tidy7Gas
nocewe8248@vikinoko.com:sUDV6@tgcg2Bp69
bikagabriel10@hotmail.com:21Octobre
lucas.lazic@ucenci.tonetacufarja.si:th13Ybae3B
stormx987:y&SF%qc53Qt*f_Y
valenzuelatoropablo@gmail.com:Pablo_11031991
carolina.rafa2004@gmail.com:Carolina628118@
jaxscott1400@gmail.com:Black6234
yovplnidarnbrkwsva@ttirv.com:S8wTjS6k#*7KQMe
oskowron70@gmail.com:Kogut123
yassineknos@gmail.com:Nono2610
turbomaximus08@gmail.com:Frogman4455330
derrick:92299229Ab
zareke.nash@gmail.com:Zareke/12
