fortnitebroo44@gmail.com:adeiza0514
wheeler.travis@icloud.com:YouAgain1352518@2005
davidmotdam@gmail.com:Souleyman94
admin:admin
Alek7:fortnite
quezyistgut:fortnite_12
Mateomotono@gmail.com:mateoymartin2007123
wwieden09@gmail.com:Pipi656?
lolito.nova.20@gmail.com:fortnite992
mateus20092013@gmail.com:Mateus_2019
Jay6145:Tyler!123
jimpfortnite123@gmail.com:Barcelon#001
fortnitebroo44@gmail.com:Adeiza0514
fortnitebroo44@gmail.com:adeiza06514
ned3lt4tek@gmail.com:Kt280407
pforr79@gmail.com:svenp1679
cassiusrye@gmail.com:Cassiusryevl1
myfortnite766@gmail.com:@Marospancik1
fortnitebroo44@gmail.com:JChp.e!H7m$3%D5
bernardotavares256@gmail:be092010@
jeanfils26200@gmail.com:Sangokufortnite26200
fortnite20120228@gmail.com:BmB12228*2012B
itssneyrox@gmail.com:^-YM.&N
fortnitebroo44@gmail.com:?X$5UX8-gjY-zFc
fortnite20120228@gmail.com:BmB12228*
fortnitebroo44:adeiza0514
inbarbaum2018@gmail.com:55555555543635
fortnitebroo44@gmail.com:7DFdvf$Mj6eGgyM
itsmasson:Dinosaur47
piotrekmusialik368@gmail.com:Pioter2012
alvarolokillo.a.z@gmail.com:Colocolo30
bouchoir.michael2009@gmail.com:6wgBWGGVfeTAw!4
david90fortnite@gmail.com:fortnite
ibinderbeste6@gmail.com:schrank91
fortnitebroo44@gmail.com:N94rUi2.tJT?vcz
luizgabrielrosario2019fortnite@gmail.com:Biel&Duda
apexalissio@gmail.com:FelipeCleo1234
badkemarvin666@gmail.com:MaRvIn0666
Hahabeszoptad5@gmail.com:Ilovecheese
luvidragonYT:fortnitetwitch
sgomeza@mccilo.edu.pe:fortnite999
katse79@hotmail.com:271179kt
julenmeinel@icloud.com:schrank91
Midas120:123456fortnite
tydiego1107@gmail.com:Edsacom1107
dmanszn:Trashatfortnite
fortnitebroo44@gmail.com:WsPm53=_p.5dV7/
fronville@voo.be:fronville4
ezfnfortnite20120228@gmail.com:BmB12228*2012B
javon.hawkin@gmail.com:k7Kr8WBSYU43x9f
freefirebani6g@gmail.com:ggrrggrr1231
Alex25Gaming123:Lucia2706
lucianojoabe@gmail.com:lucianojoab2021
fortnitebroo44@gmail.com:Adeiza0514$
markbugarsky123@gmail.com:Legofortnite50
elessarsurigao@gmail.com:fortnite
anton.kuivinen@outlook.com:fortnite2222
candido1973c@gmail.com:Matias2009.
nvzalejo@icloud.com:Andrespro2014
ajvk.kuivinen@gmail.com:fortnite22
fortnite20120228@gmail.com:BmB12228*2012
david16567Gamer:fortnite
vincentshishidogarber@hotmail.com:Shaymin84!
azASa:marklol0909
soyunproxdmejorno@gmail.com:RUSSIA2276
wexivlog472@gmail.com:4728wexi.
kaneshyperlite@gmail.com:HdD9NM..eBi7M94
shiraji042@gmail.com:SSNN2000
supercreepy1305@gmail.com:franlero24
jimpfortnite1@gmail.com:Barcelon#001
fznetk@gmail.com:mt99mt
muratiaron4@gmail.com:noranora2012f
fortnitevojta2@seznam.cz:Vojtisek201005
wiktor.marczewski.pl@o2.pl:fortnite
fortnitebroo:Adeiza0514$
fortnitebrooo:adeiza0514
sweatyslab9@gmail.com:Sanji12#edd
kiantera2000@gmail.com:Brady0417!
Enektas:ENEKOMAMA
nadav8gavrielov@gmail.com:08nadav11gavrielov
tomczakbennikolai@gmail.com:fortnite_45
David16567:fortnite12
greg.thomas.adams@gmail.com:Gr@ceGaly0n
layla:8Nz_Xv2fLYsN@*R
ryanboschfortnite@outlook.com:RyanFortnite@123
marcelfigura290@gmail.com:cPLktye_jByVn4A
fortnitebroo44@gmail.com:6QB%'maeEnm)#qF
fortniteboy133432:Peakaguu1121
fortnitel2777@gmail.com:Oskar12345@
nooberfortnite123@outlook.com:Fartpoop
shufflejhdson@gmail.com:Pinkghoul4993
ipunchkids:iplayfortnite2019
Jurajsrio@gmail.com:Jurajsrio@gmail.com12
ericdavidberbecaru@gmail.com:423432455eeeeeeeeeeeeeeeeeeeeeeeeeeeeeeeeeeeee
fortnitebroo44@gmail.com:Lyt8!7Tq45.KMPf
b.leeninga@upcmail.nl:RnvGonIg3krUIq
sebastian99209:fortnite20
akosfortnite022@gmail.com:thq7XAPNXh4m9Su
sangoku_fortnite:eclaire26
fortnitebroo44@gmail.com:sunday44
zara.emily62@gmail.com:zemily7
alvaro:Alvaro1992.
ichhatefortnite@web.de:Timmi3009
jimpfortnite1@gmail.com:Barcelon#1205
georgipenev476@gmail.com:vasko7804
shiraji042@gmail.com:SSnn2000
christopherM:fortnite
n.damota@gmail.com:fortnite7
obinevelyne14@gmail.com:rochefort30
JASVIRRAMDHANEY68@gmail.com:Warzone-021
tomczakbennikolai@gmail.com:fortnite123
fakedconta7@gmail.com:Pablio987.
rosa.roberto@hotmail.es:florecita40
lula270575@hotmail.com:Tanyka1975
tomczakbennikolai@gmail.com:fortnite
szantoadam:adicko001
fortnitepen:warzone123
jesselabelbusiness@gmail.com:Masterclass123
galvao.carol@gmail.com:lucas3107
david90fortnite@gmail.com:Davidagrazal24
Ihatefortnite5716:RRnApXEnGjm682Z
yusufgulmez96@gmail.com:2H6ZQGSBD87pBhS
sangokufortnite26:48yE@Lk9Tp-CN4d
chibuezenaetoc@gmail.com:qwertypoiaz12
fortnitebroo44@gamil.com:adeiza0514
emiltsche@gmail.com:emilion1234
statzyfishy:fortnite_12
fortnitebroo44@gmail.com:[b]3/Gl7
mar740530@outlook.com:mahdey6767
banjobanjo406@hotmail.com:wsYt45X4iLFpsfq
ExaTyBlackZ:Er1905han.
remington0187@outlook.com:Remixin6969
tahielzere@gmail.com:gallardo2018
Alek:fortnite
mazic11@gmail.com:Itay2201
fortnitebroo44@gmail.com:adeiza0514$
TimDiehl300902@web.de:Timmi3009
fortnitebroo44@gmail.com:cSmWUEfyj4T/k$K
sm.mustafa.bilgrami@gmail.com:Bilgrami123
fortnitebroo44@gmail.com:7VhA!x4nNbSDFSR
fortnitebroo44@gmail.com:ade
Annkimball@hotmail.com:Enterprise1!
kuiant9de@opetus.seinajoki.fi:fortnite22
aldinustoglic@gmail.com:HPNKDknm4DR@_DA
louis.waldschmidt@gsko.wtkedu.de:fortnite
rucucatik@gmail.com:tucaramesuena23
fortnitebroo44@gmail.com:Xg5X4WJ46zB9iRG
fortnitel2777@gmail.com:Firegammer2346
akosfortnite@gmail.com:Kiscsacsi02
szpringierjakub25@gmail.com:JAKUBISTCOOL123
fortnitebroo44@gmail.com:!REU#RkN95qZyh?
fortnitebroo44@gmail.com:RGD@D5iiRjC8@B3
D16567:fortnite12
ami.isufi@icloud.com:Januar01
guiguilegurun09@gmail.com:Guigui09#
Sebastian99209:fortnite20
01779281671:fortnite1234
mohamedahmos@gmail.com:Ma7mosa@epic
stewartgraaff@gmail.com:Fuzzy#1603
Isaiahihussein@gmail.com:minecraftfortniterobloxiscool
yuvandu91@gmail.com:Yuvzzer91430@
david90fortnite@gmail.com:masaka123
fortnitebroo44@gmail.com:QYfqN$XBijdkW8c
duvanmontalvobermudez@gmail.com:nevado2024
fortnitegaluf@gmail.com:CaiTheFly9898
fortnite20120228@gmail.com:Xk+NN45vKezBmQi
chewbaka762@gmail.com:@GomyDhj2
gharibzadamusawer@gmail.com:Musawer2010
brajenpupsik@gmail.com:petike2011
mateusgg37@gmail.com:mateus23
januariosimao7@gmail.com:gj11304929
tomczakbennikolai@gmail.com:fortnite_12
fantakamassokho888@gmail.com:Journalintime75
cuentassdefortnitee@gmail.com:Munuera_06
diaz.bravo09@gmail.com:juanchowarwin
yyyyyttttt555555@gmail.com:fortnite12
stewartgraaff@gmail.com:LXsRbnUsHG7Uapb
kylianw34@gmail.com:KQYM8NrZCbR$EE5
ytbpxnuke@gmail.com:1612Riyad.
mongral4yt_fortnite:siekierkaxd123
gabrielfruciano1@gmail.com:GJF11242007
arturcarneirorodrigues@gmail.com:a93001457
fortnitebroo14@gmail.com:adeiza0514
sanielma80@gmail.com:Ermin5052
joanna-butrym@wp.pl:fortnite
sangokufortnite26200:briclotmathys
michaelzowitsky@gmail.com:fortniteisbetter
enzoneki@gmail.com:Mamounette14++
uliboss315@gmail.com:7ZMX_9G.r6JzQtm
Amongusgameplay3:fortnite2506
mateusgg37@gmail.com:L86nUF@!4ssqfgF
rodriguezrosanna265@gmail.com:123b6y@R
fortnitebroo44@gmail.com:ZGTzT1AozAtB
benntomczak@gmail.com:fortnite_67
jboogstat2.freez@gmail.com:jordan143
ben.glavanovits@gmx.at:Be03So26!!
fortnite:.wtd#?ADy)9Evs$
chadstephens63@gmail.com:Albinotuna63
santinobhfortnite@gmail.com:Santino10
fortnitebroo44@gmail.com:~9FAWDuQrr?aUAr
nexusteamfortnite:Pa29072006
vipexenpai@gmail.com:A11s22d33
matikian513@gmail.com:Michael513!
jakob.schoene2011@gmail.com:Wurgwitz008
alissiolautaro43@gmail.com:FelipeDuqueCleo1234
josharrant9@yahoo.com:Fireball237!
fortnitebroo44@gmail.com:adeiza2002$
cuenta.9.fortnite.a@gmail.com:Colocolo100.
perryedwardsfortnite@gmail.com:58P@tenRoad
heimerantoniorevillagalindo@gmail.com:caramelo43
jsiekierkaxddd@gmail.com:Siekierkaxd123
anshumantekriwalcode@gmail.com:ANSH3101
henri.krueger2345@gmail.com:henriabi1!
marioahmedeid107@gmail.com:@kLsEbne5@3WRvM
fortnitebroo44@gmail.com:MuRtns4ZdGJC2NY
luccasoares18@gmail.com:ps0310ps
fortnitedev1592:Bengalswin1
ecphotographic@gmail.com:tIAGO2012!
fluxyysfortnite@gmail.com:fluxyy123!
dadoprah@@gmail.com:fortnite
trangiathai194@gmail.com:thaidui123123n
giuseppeditommaso636@gmail.com:giuseppe
fortnitebroo44@gmail.com:c@YeNy_ez2e$cx2
thiago.m.r.paixao25@gmail.com:08091325
Codeur41:123456fortnite
Ben.glavanovits@gmail.com:Be03So26!
fortnitebroo44@gmail.com:hrgseZTi34XyCTY
robertchiftea@gmail.com:Blackmonkeyballs645
akosfortnite022@gmail.com:Kiscsacsi02
fabioschorn34@icloud.com:Ladymaron25255
fortnitewkm2103@gmail.com:Mlotek1508
Akosfortnite@gmail.com:Kiscsacsi02
pantomanuela1312@gmail.com:asdfliao
silly_grandpa:t**ANygNRf*7j@a
fortnitesweat:rubicset321specielbollar
fortnitebroo44@gmail.com:Adeiza0514$$
prahdado@gmail.com:fortnite
pasanka99@gmail.com:WThNK93542nPqGW
fortnitebroo44@gmail.com:zRSVZrN_a9yvZYE
mate201202@hotmail.com:fortnite123
jaydenricketts57@gmail.com:jayden00
lucaswroe49@gmail.com:Tilly24!
sethyjfox8113@gmail.com:knotty77
povelientje:fortnite1
fortnitebroo44@gmail.com:SWXBKG@N6Z8a29b
fortnitedenis@gmail.com:fortniteisbest75
fortnitenle_chopper3:jayden9883roblox
AyazvePro61:fortniteprosu
jom71176@gmail.com:Dragos123
suarezricardo2031@abc-net.edu.sv:RUSSI2276
onguiliw@gmail.com:09102009wilhem
santiborda07@gmail.com:SB09060906
morenuuhheadshot@hotmail.com:wsouza
benflinadia@gmail.com:ayoub2019
fortnitebroo44@gmail.com:UGjph6StcCfHZUQ
fortnite20120228@gmail.com:MATE20120228B
luizeduardo16122011@gmail.com:389120Lu
alicotor123@gmail.com:Hussein1123@
sestitovitalik@gmail.com:Vitaliano02
emiofilhommouras@gmail.com:rezendeevil1709@
fortnite20120228@gmail.com:BmB12228*B
fortnite20120228@gmail.com:BmB12228
marquezperezdavid40@gmail.com:B1r2a3n4d5o6n7.
alvaro.lokillo.z.x@gmail.com:Colocolo00
fortnitebroo44@gmail.com:!cC2TN3kkqa$drT
afrodevil34@gmail.com:1234fortnite$
noobfortnite26200:eclaire26
cafyfortnite123@outlook.com:HeroCool@125#
minden_ami_fortnite_1:Fortnite123
david90fortnite@gmail.com:fortnite12
finnstaehler@icloud.com:ArelonPower1@
isaiahihussein@gmail.com:fortniteiscoolbutrobloxbetter123!
finnwalch@icloud.com:10951010.f
fortniteking0082@gmail.com:schrank91
ghostpro:fortnite
joh:mm19lx85
fortnitebubbles14@gmail.com:owuda0514$
jefersonsteinbach991@gmail.com:jeferson1804
fortnitebroo44@gmail.com:pb.cP?^AmRiaXR4
valentincamroux@gmail.com:rochefort30
fortniteparker46290:Parker4466
josekun16@hotmail.com:Sirenita76Casillas1
mateuslinharesgorini@gmail.com:12mateus34
David16567:fortnite
myfortnite766@gmail.com:martapancikova
fortnitebroo44@gmail.com:FrJ$pGi-VRqzma2
sangokufortnite26:briclotmathys26
gui.dmduro@gmail.com:!ia#Z-$2QC2PN9G
davidlopezmontero682011@gmail.com:florecita40
fortniteboy13343277:Peakaguu1121
Akosfortnite022@gmail.com:Kiscsacsi02
fortniterik68@gmail.com:!#yE_9rTFL8FD8e
vitalianogg820@gmail.com:Vitaliano02
tonyestrada@hotmail.com:Confianz@14
everythingaboutfortnite@gmail.com:Toni0889102030
gashahmad8@gmail.com:1958374006a
facebook26200@gmail.com:Eclaire26
nolanponcet899@gmail.com:Nolanp123
Tahiel_Zerega:gallardo2018
floris@mirebel.nl:fortnite1
fortnitebro44:adeiza0514
everythingaboutfortnite.tm:Toni0889102030
fortnitebroo44@gmail.com:r8P@wBW=kYVf%,M
jmistry2004@gmail.com:tyler123
mahdeyammar67@outlook.com:mahdeyammar6
josharrant9@gmail.com:Fireabll237
orion2013mr@gmail.com:pogaming
fortnitebroo44@gmail.com:S2!SZJmhXh2pqWx
zaplet2m@gmail.com:Zaplet2010
comptefornite170@gmail.com:Tiktok_on250hz
miche:papotika145
xxsq:Bella3266!
andreaalfonsi11@gmail.com:G@iA2011!
fortnitebroo44@gmail.com:qzt-6g.#jkA9NuS
3dclan.gg:welovefortnite1
fortnite255255:pokemongo
fortnitebroo44@gmail.com:GiN-+!UJ4haDJCr
Thormargraf@web.de:BVGy9J8gYamLK8M
djm62569@gmail.com:Ag050609
rittixnofix@gmail.com:*RittixN0F1x*
fortnitebroo44@gmail.com:E&8C_84dJvUmmtX
bntomczak@gmail.com:fortnite
mohamaduser990@gmail.com:MohamadTamimi9
fortnite_pro0628:Simeon2010
treno2340@gmail.com:LORENZEROBVIELCAYETANO2008
lucaproster@gmail.com:Basti1302A!
josharrant9@yahoo.com:Fireball23
selariua9@gmail.com:andrei123??
vilbert@highwire.dk:TheAnswer01
fortnitebroo44@gmail.com:RiPmiFr9Bik@LBQ
martinafigurova1@gmail.com:lea_moja33
alvinborgen200606@gmail.com:Genjimain1234
wiktor.marczewski.pl@o2.pl:Wmarczewski123
dberan120@gmail.com:123456fortnite
vincentshishidogarber@hotmail.com:Playmobil1!
leblanc.emile@icloud.com:Bebe2710?
abdalla.fortnitejo@gmail.com:hamza2013
forfortnitefr2:pika78pika
fortnitebroo44@gmail.com:QxUYT?-$c8k3M-6
fortnitebroo44@gmail.com:adeizaprecious0514$
cuenta.9.fortnite.a@gmail.com:Colocolo10
cassiusrye@gmail.com:Csa20csa20
jekezgame@outlook.com:Win53787
robertoirene@libero.it:Diego12Vanessa11
fortnitebroo44@gmail.com:r3v%UTEZ#MZi68?
Sandra.glavanovits@gmx.at:Be03So26
random15161:fortnitegod123
Afro_Devil:123456fortnite
nathanbear3421@gmail.com:CINN&SUG7890
supercreepy1305@gmail.com:franlero13
jokerhatem7@gmail.com:QwEr112233
rafachave38@gmail.com:juan33h
wexiinfo472@gmail.com:4728wexi
donovanbez14@gmail.com:Dono2309!
finn@staehler.me:ArelonPower1@
jayd3n268@gmail.com:Enzy2006
fortniteboy1334:Codyconrad214
lexnomar1234:Abimalec26
fortnite20120228@gmail.com:Ni!R8VBL8K-?j@$
angelomaclellan@gmail.com:hola2212
iskyz_03:Hild1807
cassiusryevl@hotmail.com:QKXb9Lge8-3.5H2
zambelli06guido@gmail.com:Kebabbaro06
Agrazal206:fortnite
bsmithbrady17@gmail.com:Lucky1717
xsaitama777@gmail.com:Saitama@2004??
fortnitebroo44@gmail.com:owuda0514$
bntomczak@gmail.com:fortnite_12
leo2000941@gmail.com:exclusive07
gamer44steve4@gmail.com:Cicciogamer89
tuncbaba.sd:GaS.Y2wabvhT_ui
fortnite20120228@gmail.com:mate20120228
brunofortnite1234567890@gmail.com:Brunum123
stevenstopit5@outlook.com:!mason9410
jonid.shker2021@gmail.com:Jo123456sh
Paulaaa@live.be:Livio1225
vebucsfortnite@gmail.com:TOTOOG200
fortnitepoopse:SuleymanYavuz12.
blacklightretribution675@gmail.com:Mimille675fortnite675@
UwUEgirl_11:fortniteislife1234
lucmoehrkeeeeea@gmail.com:Hanuta2004
fortniteacc01450@gmail.com:Jezreel17*
giuseppepiotannorella06@gmail.com:Giuseppek12
kamilwaclawik82@gmail.com:xddkamil
TTVDeiyzX:Marika74@
fortnite11yo@gmail.com:Rhysliskrop_13ovh32st!
pyjin2002@gmail.com:an12125252@
babykoolstar@gmail.com:maconjoy
fortnitestream853@gmail.com:Marcel0505
naimanekinan@gmail.com:kinan123@
profortnite417@gmail.com:25121980
dexter999fortnite@gmail.com:Dede24241
fatality@fortnite-sex.club:Sausuga123
hartzellirish0023@gmail.com:irish0023
moazzammuhammad2010@gmail.com:khanmkhan1
fortnitesoilderboy@gmail.com:John7168
kelianroybin363@gmail.com:Kelian2012..
estaesderespaldo1@gmail.com:Ce-NBWwZ-99MDUx
erikrst:fortnite27
juicee_wrld_999.tuga:midasfortnite2020
alexniko2009@gmail.com:fortnite2009.
fortnite675@gmail.com:mimille675
kaysonscarpetti@gmail.com:Bulldog3609
vignon.kyliann@gmail.com:Mimille675fortnite675@
master_24091:fortnite88
Master_24091:fortnite88
ikerquiroga48@gmail.com:ikerito33
johnnytait876@gmail.com:ennjt103
teogarcon2012@gmail.com:82bu4mV@EbgqG2U
fortnite:lucky2020
profortnite417@gmail.com:sLs67ABh&%CtZ!R
packfortnite675@outlook.fr:mimille675
ethan38260:fortnite38260
a4249@esdomdinis.pt:midasfortnite2020
hagenknight47@gmail.com:Imaman.2
lapin:Jv09052013
fortniteroblox1980@gmail.com:Sarah4437
fortnite675@gmail.com:Mimille675@@
442327807@gmail.com:Taniesha21
zaydonhowland11@gmail.com:IYFOUFLY
melloteo2023@gmail.com:mateomello2009
renegaterader34@gmail.com:kelianprofortnite1
maissa.idrissi2013@gmail.com:maissa2013
ehassinen9@gmail.com:juho0308
934636757:midasfortnite2020
xmemofortnite@gmail.com:memo20088
patrikplesa96@gmail.com:patrik@2011
calebplaysfootball14@gmail.com:sUBuzb7FFqPw8bb
juancarloszeped@gmail:GHJbnm178-
rs2284516@gmail.com:fortnitepro#
fortniteproishaan:juniorslaatpagga
ericonfortnite@gmail.com:Ericfamily4!
fortniteproandgod@gmail.com:Jiang289110
narcistipsie868@gmail.com:Narcis2010@
ShikimorisanILoveU:midasfortnite2020
lafrancemarcouxmalyk@gmail.com:Meliafortnite14
iamprofortnitegamer4:April-26-2011Bb
andreisatraru06@gmail.com:BKwk#.ZbfkgSa3A
Akariiiiiii:midasfortnite2020
manojdhimal09@outlook.com:fortnite12
fortniteaddicted123@gmail.com:Eprencske7708!
fortnite675@gmail.com:Mimille675@
crazyboatm@gmail.com:trew34nik34
230roqs:Jaykas1530
thiagofortnite690@gmail.com:Jcole301719.
loannmorelheyne@gmail.com:Ls7325+MH1005
gtbt0418@gmail.com:Greyson0418.
maacysgnssttsu@gmail.com:midasfortnite2020
Kazy14_:alinut2010
rileyrolston037@gmail.com:6X-9#!5#BH7!jj_
amfortnitepro@gmail.com:alleyezonmyNETROyourdonenigga69
giuseppepiotannorella06@gmail.com:Giuseppekazu123
fortnite00268:bbb251120
jeffcow8@gmail.com:Stevens08
ALANYTBLOOD:jUNE272009
viniciusxtrash:midasfortnite2020
GhostGuy5012@gmail.com:Reece-2143-56
unbanfortnite17@gmail.com:sv170910141516S
elemnt611@gmail.com:Ljungdala10
youdontneedtoknow15:kc12345!
javiersotoyt82@gmail.com:fortnite82
bielfaria0208@gmail.com:a6Wa!8V3j3BZq3m
gasper2779@gmail.com:MATHEWS$0008
fortnite675@gmail.com:Kyliannfxlol675
management@rothsa.com:rosaire14
Rip_Dark:Azar2023
alex.hernandez1432:fortnite82
exmiller47@gmail.com:JtnvV!5_SLQK3e2
gerrit1985@gmail.com:az01bxaz
utyebayevdaniel@gmail.com:flamby123
ahuraazazil@gmail.com:swiftonline1989
khalper694@gmail.com:Cashtin3
j.charron5636@gmail.com:dimitri1107.
fortnite_streamer6969696:fortnite_90
jaycehogan123@gmail.com:jayceiscool123
MineChapter:Youssef2011
6194541684:fortnite82
jack.borland1@icloud.com:Jackjack611
Jessicapam101@gmail.com:7618Love58!!!
fortnite4664@yahoo.com:noah4664
lilijadimc@gmail.com:fortnite123
jlariviere@yahoo.com:Brayden2014!
xxdragonslayer79@icloud.com:Krishna18*
zugi000:fortniteislife1234
anwayleland4@gmail.com:Lelandscott2014
erwan.bellanger1108@gmail.com:Vianney14130!
aiden_t2012@yahoo.com:Hooch2014
tmaseind:56@Ahmedaa
mrfortniteai@gmail.com:Soccerhero1
s2fortnite01@gmail.com:13361336Colin
fortnite:kGwqJqz3N8dsnGN
SAZOST123:Mymom2010
lubiefortnite211:tymekkoza2011#
skibidifortnite217@gmail.com:1delfin2elefanter
cesarsoto82:fortnite82
jacob.mallory2011@gmail.com:Wamplerz123
sotocesar970@gmail.com:fortnite82
fortniteroblox1980@gmail.com:heter2711
ScareCrowShi:midasfortnite2020
einvar:fortnitexd
diepeanut363@gmail.com:crazycreePer188!
schwanzlutxcher@gmail.com:fortnitebattlepass123!
1pinkpengu1@gmail.com:Leelikeskids22!
loganwhitehurst94@gmail.com:Rzz7!UP6aDxYraX
ticofortnite2020@gmail.com:102030tr
marckus7T:marco2006
loganmintzer@iclod.com:te8YSrisGS9szWf
bmxliljojo:Jojo201058$
AnxietyPills:xiX348YJat8WZPC
ExtVlad@outlook.com:fortnite4ever
salamandraagiota@gmail.com:08042010_gu
chrisfieldplayz099@gmail.com:fortnitebattlepass@
ggon5335@gmail.com:Jvz4Pp23yZEbqp!
angelenapar19@gmail.com:Nothingnews33
Tomivok831:Tamasvagyok5
ouadielaachkar6@gmail.com:Youssef2011
Sad1N_P:Sad1N790
marcus__xxi:midasfortnite2020
hamdan185366@gmail.com:CcXx@1234
Globalline6_GN:Globalline2q3
adamus_2009:fortnite
errortale9707@gmail.com:InkTale2022
coleisgoatedatfortnitelol:Israel082708
beckhamsriley@gmail.com:wildRF1709
mustafa.adham2019@gmail.com:Haneen_2009
Gaibns10238:ihatefortnite0872
George.file2@hotmail.com:9yZ$uCpENf4e7Cw
alex_nyko:fortnite2009.
kapi1swit@gmail.com:Beza!234
joelyaizayagopaz@gmail.com:Joelpaz10
reggieon.walker3366@gmail.com:Reggieon1213
oglucas157@gmail.com:Lucasist124
Minediggityconsole@outlook:rCdfh-kViNds7_h
opanja12@outlook.com:Shinkansen55
marcuseditorgg@gmail.com:midasfortnite2020
ngthehogun7u7@gmail.com:fortnite123
srnclaan@gmail.com:fortniterankedreload
colaianni.jerome@icloud.com:Livio1225
fortnite675@gmail.com:Mimille675
elfortnite.yosoyvictor:TequieromuchoMama12
FSlora6:FredrikSlora6!
jasonfortnite453@gmail.com:Jason191208_
Maamounfn004@gmail.com:Barca2009@
rdaston@alice.it:Gabriel2010!
Fabi10:Mazury2023
mrfortniteai@gmail.com:Soccehero1
lonadokajvd84@gmail.com:Doris.fortnite72
skibidifortnitevery:lmao999L
maacysgnssttsu@gmail.com:Midasfortnite2020$
popitymilan2001@gmail.com:HkR197820102020$
fortnite_kid5201314:brown633DogKp110807
csabiyt2008@gmail.com:Focilabda1
roni.lahtinen091gmail.com:Ninjago123
csgofortnite675@outlook.fr:Mimille675
driftkingfortnite34@gmail.com:Fortnite.34
ikerquiroga11@gmail.com:1k3rito4$bla
fortnitegod_mo:Mohasa_21
masonchilly6911@gmail.com:Mikebrooke1
javonteeversley10@gmail.com:jayzayari`0
N4CHITO-:A49106440.
eliasaxer21@gmail.com:Eliasaxer1
cscs.benga@gmail.com:FNgg2024%
HarithIsaac123:Welovefortnite6969
cayden:Bellaschyld273738!
onofrencod@gmail.com:daviv1234
hkristof0704@gmail.com:KRistof2012
Kapi1fortnite1@gmail.com:Beza!234
fortnitebomber2006:veerparmar62
crow67@hotmail.fr:Mamanjetaime67
474784yrty786457856:Q3qsqBcA@UNg..e
cesarluissantos09@gmail.com:fortnite1205
Williamdorrat@gmail.com:adsl0717A
fortnitecheat65@gmail.com:Rayankharfi669
chewstaholigan@gmail.com:krepink3_
profortnite417@gmail.com:25121980andrej
sucramrtr:midasfortnite2020
lauritspmg1@gmail.com:laupmg123
nikolanxntui@gmail.com:nikola2010
roxannefarley89@icloud.com:Harry0502
orionfortnites@gmail.com:Fortnite2018
abcmonty123@gmail.com:winningfncssoon
ljgreenie@outlook.com:Boston@1309
qhorizon69@gmail.com:R8GVhK.TCCYCtJm
demer.ninja@gmail.com:Kedvesuram24%
enzoe7547@gmail.com:Fortnite11
Joao.moraes.250113@gmail.com:joao2020
martygrasnick@gmail.com:mg080512
maxthermo:fortnitedraco
Saenz:holahola333
Bizarredisc:Lubosl@va1
bluemaskriot16@gmail.com:W28QeY5BNeg!_pk
edogu2021@gmail.com:fortnite.edi123
Jacobb5910@gmail.com:Duckywin1m
nelmleko123.456@wp.pl:6GdZ9EWrnEe7r!2
hassan_alyasiri@icloud.com:Epicgames12345
milo.tahernia@gmail.com:1811pommes
burtonhudson745@gmail.com:Salada101
kaybarlow80@yahoo.com:Dylan1979
ibarguenjoshua68@gmail.com:user12340987
lvdeathqueenvl@gmail.com:Lulu20235sac
wielandliam97@gmail.com:22448800
rondelrutherford@gmail.com:FlammingSkull_23
leon12albrecht@gmail.com:pMT9?jR#$dWUs27
367029:fortnite82
dguidry73@gmail.com:Anthony533@
fortnitebattlepass236@gmail.com:Murhaf2007
orhansaki81@hotmail.com:Mert!rafet81
XXepicfortnite17god7:Bruhmomentandshit
vacosgyerek52@yahoo.com:jEZUSKA12!
obeykiewiz82@gmail.com:fortnite92
fortnite675@gmail.com:Fortnite675@
ENZOPOPL68@GMAIL.COM:fortnite11
akleduok7@gmail.com:3j.M9Mg@kwUp8Zp
fortnitecheat65@gmail.com:Rayankharfi693
pedroruivo10@gmail.com:fortnite10
soltimartin@hotmail.com:Zsomike2011
freepuhrols2x@gmail.com:3NcbMf#qX2Fem.f
tcrane491:fortniteburger
taviusyaj@Gmail.com:Tfy1359...
erojasco07@gmail.com:fortnite123
leprodefortnite3:kelianroybin363
ltxtyrbz@dfirstmail.com:Luka_Vo_05
Rafael_1311:Arrascaeta2019@_
dieguitorangelmatos@gmail.com:diego8812A
mariaelenasanchez245@gmail.com:Athan2008
posaalex48@gmailcom:POSAalexander2010
juliogarcia1978m@gmail.com:fortnite21@
ethancaro2018@gmail.com:GodIsNotDead2004!
marcus.v.pro.yt@gmail.com:midasfortnite2020
fortnite_alienaglow@abv.bg:alienaglow1
s.ohalligan@hotmail.com:Mustang09
deniuks745125@gmail.com:propropro112233
kubcio155@gmail.om:piesekfortnite
Ann130181@gmail.com:Ann130181
mullerfabian252@gmail.com:38uD
silvasimao747@gmail.com:Leoesimao12
lucasdiscordftn@gmail.com:fortnite
jeffersonbranden82@gmail.com:D5k-.59a.d/sjfZ
CallmeFartin:ihatefortnite0872
robinpirollet07@gmail.com:ROBINPIROLLET0715610l_ardechois-fortnite
bigthth4@gmail.com:thenono30
jonidshkeer1:Jo123456sh
martin.soto200798@gmail.com:ne.7EXA3hMuE_jB
fortnite_alienaglow@gmail.com:19052010gG
lukadelalic@icloud.com:Lukadelalic0711
fortnite2eduard@gmail.com:thyiu853
fathimaimadi@gmail.com:ImadWasna89
razan90odeh@gmail.com:kinan2014
ahmedhosheshi@gmail.com:Frost1493
caplette776@gmail.com:fortnite_90
alintudor531@gmail.com:alinut2010
sheriffjeremy03@gmail.com:Jeremy1945%
ricsixdsupa@gmail.com:nemtudom123
fortnite675@gmail.com:Azerty675
wyattgabriel_santos@yahoo.com:WyattGabriel2012
sebastianlupu1201@gmail.com:numeleMEU2009
fortniteman0775@gmail.com:Iamaboss!33
chaudaryu05@gmail.com:umerpro_289
fn_piesek123:piesekfortnite
brabalul@gmail.com:babaknej123
hang87778@gmail.com:Masita21@
lucasftn97@gmail.com:fortnite
evicaryonfortnite:r7w8w5dur
mariealinerobert123@gmail.com:w1X2C3V4B5N69744000-_-
Hexxeded:8VxfU.4-xHpWj3p
fortnitegamer2876@gmail.com:Matthew09$
lopezfloresdaniel23@gmail.com:Mecagoentusmuertos1965@
machadokaua602@gmail.com:sP.3rNZAUK3sFKh
javiersotoyt82@gmail.com:fortnite82@
schokokuh69@gmail.com:nigga06069
82ndairborne1979@gmail.com:Kileycole1
rjoaohenrique56@gmail.com:capivara
ikonikfortnite88@gmail.com:Fortnite3
elenahb1986@gmail.com:Elena1986
fonko_teams_czsk:fortnite78
boomayummy@outlook.com:St0psayingbadw0rds
budsforbuddies100@gmail.com:.XDUgpF.M.4iMng
profortnitegodandroblox@gmail.com:haoyang1202
thiagofortnite690@gmail.com:elliotplay09
g_springer@icloud.com:Goldwarrior10$
meyerman09@gmail.com:Eyerman1987
6uh6i@gmail.com:m665544m
tsmfortnitegod27:Brown0903
thehogun_YT:fortnite123
ESCAMEZ:4asXYHxTHxSHBaF
braydenmartinez1@gmail.com:Braydenlovesfort808*
constanzaj082@gmail.com:lapalabramagicasantiagojimenez2011
fortnitethebestcocoloco@gmail.com:b@lyWUg0w6-_Oyz
rushexotic83@gmail.com:jeramiah713
ajohnson2030@mka.org:blue3821
fortnite675@gmail.com:Milille675@
1vdeathprincev1:Lulu20235sac
jakesreal2@gmail.com:jjsomean
ancka:fortnite123
kaikasu@outlook.com:Shinkansen55
ojohnatangmz@gmail.com:123TwDc!@#
johanroblox_fortnite:johanbotha4321
iamprofortnitegamer4:April-26-2011bB
polenzo295@gmail.com:Fortnite11
evan.mcandrew@yahoo.com:Evan.Mc28
edogu2021@gmail.com:est7a4jZDjR@ELu
cook452000@gmail.com:c!NMTaZ6sCTnU5N
j.charron5636@gmail.com:Jv09052013
meglovelyinsurance@gmail.com:Muffin!22
rjeriel86@gmail.com:Jeripower1972@@
Se7enTooValid:welikefortnite6969
leobatchelor98@gmail.com:Fuckyou1
ScareCrow:midasfortnite2020
smroserfer@gmail.com:sigmaboi23
bebeliz1999@gmail.com:alexitovera
robinpirollet07@gmail.com:ROBINPIROLLET0715610l_ardechois-epic-games
matthewkin007@gmail.com:P@ssword*88
elifarzu@gmail.com:Unutma11
.fortnite.beasts:Christian_0423
andrundy1@gmail.com:V045045B
orimadar102@gmail.com:orikosh142
jamesreiner56@gmail.com:Picolo1256
fortnitetolgahan10@outlook.com:Aslanim@1905
kjkp.wong@gmail.com:Teyshawn20
xxromigamerxx@gmail.com:Casavaliente1
roybinkelian658@gmail.com:profortnite40382601920
fortniteay321@gmail.com:jamesisgay23
fortnite.patfrett12@gmail.com:Patman31
dumbr@seznam.cz:Breh963.
aleksandarerceg0987@gmail.com:aleksandar34
isacpereiradebrito2@gmail.com:davilucas44
ikonikfortnite88@gmail.com:Kellen219
drcindykoons@gmail.com:Snowleopard13!
skibidifortnite1394:nEt9n!9k1
fortnitepump08@gmail.com:BadSin046*
fortnitelover423:Chritian042311
www.twenty.31@gmail.com:ryad.1234
tsmfortnitegod27:09032007
jaydenarlott5@gmail.com:Jayden1218
geforcenowfortnite4@gmail.com:Idea071710!
cesar:fortnite82
martinsleitans7@gmail.com:gunars0703
batrek271butrus@gmail.com:batrekb271
marlena1982311@wp.pl:KUBABUBA123
dioniciopoma6@gmail.com:fortniteelmejor
Robloxmaker345@gmail.com:gy_jAkLgqyQG8ga
JLRupnarine425@Gmail.com:85340Street
q9k1l@hotmail.com:8D2D6ZEQa4t2vGp
fortnite675@gmail.com:Mimille675@*!
kcsherman17@gmail.com:tall751BEAR
alp1.nn:fortnite14
tittyventola@gmail.com:Patin1973
aniscool@outlook.de:Darisderking1234
mitracheaugustinalessio@gmail.com:Tn_Exr@8EAD8F!3
6364664873:bigAlter123
oliviertupasi19@gmail.com:OlivierTupasi@2006
nohar4:eduarda762538fortnite
daddylucid7@gmail.com:SexyBeast1234*
mauricechilds01@gmail.com:255225$$$
joelecarlino22@gmail.com:joelebello09
lubiiliev3@gmail.com:Hypeebog123
Notzugialt:fortniteislife1234
zz9shothead@gmail.com:8102Alex
t4873478@gmail.com:fortnite_11
fortnitenoob4life07:idekwut2say
fortnitepump08@icloud.com:happyoboe819*
obeykiewiz82@gmail.com:fortnite82
ahmednabil19:fortnite_5
fortnitesoilderboy@gmail.com:KAKashisenseiSSegsi(81
fortnitealt1231311313@gmail.com:#yashua86
daRKSUNNO12:Jonisiscool
fortnite132@myyahoo.com:JC2013Ee!
didigwada76@gmail.com:noslen.mimifir_76
DJDEREK76@GMAIL.COM:fortnite1
tomaza744@gmail.com:r.CVg92JBqexiat
Artinariana2021@gmail.com:A09123452509a
GUYKRISPIN3@GAMIL.COM:GUY090114
tomkoo.games@gmail.com:yveT(egNK-X44.%
fortnitepump08@gmail.com:Manuel909*
Borba:midasfortnite2020
squintero0245@gmail.com:yesebitas89
laurent.pabion@bbox.fr:Ardeche11
mario.dbz29@gmail.com:Orologio_2008
alithefortnitepro246:tc7M5&v*xnH)Sse
ibrahimpathan2004@gmail.com:sufiyan_1
thiagofortnite690@gmail.com:jcole301719
lopezfloresdaniel23@gmail.com:xmZ3dWVmtZyWW.s
bryanpai2011@gmail.com:fortnite
utyebayevdaniel@gmail.com:Daniellebgde201213
noblerico14@gmail.com:_.2pms-2M9ButzK
bracaishpal@gmail.com:19887746A
buddym930@gmail.com:8qzAuWsddaDYveF
alex.mitrache87@gmail.com:mitracheaugustin2012
kareemgbr3@gmail.com:Koko222009
Lstern849@gmail.com:werzip15
dkdkdd064@gmail.com:ilikeenglish231?!
fortinzack42@gmail.com:18818San123
javiersotoyt82@gmail.com:fortniter82
niz7720000@yahoo.co.uk:mafasa1234
johnnytait876@gmail.com:JohnnyCake123
pakopro3.000@gmail.com:fortnite
lucass.montgomeryy@gmail.com:Hearts22
iphonemonster22@icloud.com:decibel2013
dee_thesmartie:fortnitecheese1
harshad2566jindal@gmail.com:anita65175
fortnitefan1234@icloud.com:Riley123@
guys042010@gmail.com:SUSHI7676
kikivi675@outlook.fr:Mimille675fortnite675@
scampanico1@gmail.com:samuelcampanico0012
appworld5298@gmail.com:9ad4Fua2vh1u2DJ
csgofortnite675@outlook.fr:Pcgamer675
hamrozil1@seznam.cz:Shadow6969
Crustlesscoder@gmail.com:fortnite
fortnitebb273@gmail.com:Ishaan123
thefortniteking2875:12345play
bigthth4@gmail.com:ZAIDA12345
neake90@gmail.com:moni47vj
memofortnite@abv.bg:Memo1234.
cardonchago@gmail.com:fortnite82
rico_fortnite7:kobela123
fortnitesoilderboy@gmail.com:JMHITCPE87?!!?
jhn21@web.de:BrBKa9GAKp8VJ78
eagleclaw2025@gmail.com:Spike_koda123
gustasmic@gmail.com:g-force13
fortnitepoopse:blackguy
alexanderzaharia1303@gmail.com:Alexander1303
youareaadoptedchild@gmail.com:Misheelt2001-
kidkoolstar@gmail.com:Ambyjoy12345678910
estrago2723@gmail.com:leandroguadalupe2723
chany3877@gmail.com:chanynw11
Ninjafortnitebro:ninjaggbropro
lucasgeoandre@gmail.com:GEOANDRE1630
essamurad578@gmail.com:jacob_1346
rayafortnite007@gmail.com:ChunLiFeetPics2005!
fnaltacc0@gmail.com:vicwil11
kingali.hassan@outlook.com:alialiali
jsupra35@hotmail.com:Jake122021997
alqhtaniazoz15@gmail.com:ANASSANASS123
lameniha91@gmail.com:AknxUL2gmQT@gEh
asseri.saku@gmail.com:pndt2S2ZL2x8PUf
worldboss20192020@gmail.com:Worldboss22
danny.laplante@gmail.com:Kamden1983
KNOXITOISNOTGOOD:D@ny2023fortnite
Hypergamer3D:Buddy321#
WettoFromTheGetto:midasfortnite2020
emadeldinabdelfatahfaragalla.sajid@2college.nl:fortnite
bsoccer031@gmail.com:Soccer119687
061862277:ajdinfortnite
femboy:ihatefortnite0872
tsmsetongod27:fortnite
jai@beautifulhedges.com:Stupidepic1
benjaminf2013@icloud.com:lilleman2013333333
eisler.claudio4@gmail.com:Claudio2012
tucker123651:fortnite1
duskyrisks:tarnydarn12
bloxfruitlufy2:chapiyre1fortniteprime
hasonaop3110@gmail.com:19852966za
hrfozz408@gmail.com:Win5t0n408
fortniteprojr:Kakey718
andrefortnite314@gmail.com:ciaosonoalbiA12
aleksandarerceg@gmail.com:pzw4@,rMfbkcgC5
cammisuliallero@gmail.com:Livio2205
munozsamito@gmail.com:samir1036452087
prestonv347@gmail.com:fortnitegod_9
nrv.68:fortnite
samuelettera12@gmail.com:Samuel2012
JustCode:Felix2030!
johnnytait877@gmail.com:JohnnyCake123
teo.charliemo@gmail.com:Rolf1120
mnkpepsi@gmail.com:Ilovecococolaman33!
kapi1fortnite1@gmail.com:Kapi!123
amarekid16@gmail.com:aMAREJ16
fordelljacob5@gmail.com:Jacob31211
vitorpesce@outlook.com:qZ25yv67YJ8njWS
lab.titouan@icloud.com:Loulous422
keaton:Paintball-44
xmemofortnite@gmail.com:omar2008
fortnitemylesfncs@gmail.com:MorganMyles1
adam.alhser@gmail.com:adam2196
suplexfortnite1@gmail.com:15042002perla
Nuneatonloud@Gmail.com:Sexylaura11
a4249@esdomdinis.pt:Midasfortnite2020!
mrblackprestin@gmail.com:123444445556
emaill@email.com:dirtbike74
hagenk1216@gmail.com:fortnite.
GBKjaviersoto82:fortnite82
fortnite_pro_60fps:CRgE7<!Tz,CP3*r
tosurares75@gmail.com:Rares2007
lilefev405@ckuer.com:rnw9z27rwJdus7C
fortnite01:fortnite01
irba909090@gmail.com:funny39Fur!
laurieleebeck@gmail.com:Br090484
marcuseditorgg@gmail.com:Midasfortnite24!
fortnite675@gmail.com:Pinpin675
lukazugaj96@gmail.com:kolikojadno123
muckispinner@gmail.com:fortnite2fa
lukas.cotan@gmail.com:dwYQ3fyW
kilianivers@gmail.com:08042010Kk
DFGDGDRGD@web.de:bP3cyfkveeqYGtX
e_morales17@outlook.com:9462201Em!
earnshaib123@gmail.com:shaiboss123!
scrubdrive@gmail.com:ihatefortnite0872
oungson@gmail.com:Khitsahai1
1vc4come:P2h3AQnHPW2d6xJ
suliman_sat@hotmail.com:.jKRKCg694qD!cK
mindaugasdrulia1988@gmail.com:druliukas19889
marckogouri25@gmail.com:@marco2006
marconinjabrantonio@gmail.com:marco220733
Akari17:midasfortnite2020
antluvsnettspend@gmail.com:Skully2051551!
martinlafoy1708@gmail.com:Ml170810
marc777.kogouri@gmail.com:marco2006
villarruelmati42@gmail.com:yogurisimo15
elioDt7w7:RODNY_ROBLOX2
sablan.traevin@gmail.com:1ZaedinS
jpotz09@outlook.com:cviAVgz86C9WJ!j
joudyaljnaa@gmail.com:jjj07912
lukeagacy2@gmail.com:Willerby1
denisanghel026@gmail.com:smecherie112
kwesthosang@gmail.com:Kwestlove-123
stefanesculuca7@gmail.com:Dianaalex7107
matheo.ramirez@alumno.humtec.edu.pe:Humtecq2023
NGTwitchThehogun:fortnite123pro
OreosForTwitchers:orion2008
profortnite417@gmail.com:velikigamer01
Playstationjezreel@gmail.com:Ghosthunter567
bradleybrudet06@gmail.com:Bradleyb12
amina.paktoon@gmail.com:Amena123
Lebiaw7w2:1234games!
Iloveabbayahuah@gmail.com:Yahuah777_
profortnite417@gmail.com:velikigamer02
okshy52@gmail.com:twinboy2
ardateslim1@gmail.com:MyMateArdaFR
barad.ghobadiii@gmail.com:barad00/2
tcvandebunt007@gmail.com:Weetikveel3!3
xenofortnitecomp@gmail.com:gaelrafa
hamada562009@gmail.com:3012@baba
maa9229:fortnitequeen2
kajuspro97@gmail.com:Kajus123
akozle6@gmail.com:AYHAM1212
agacyluke56@gmail.com:Willerby1
yemenfedi@gmailcom:yamenfortnite123
javiersotoyt82:fortnite82
mathildafortnite@gmail.com:mathildanigger88
enesfirtinbabq@gmail.com:123e123enes
getyou44@gmail.com:an12125252!
nebojsa.erceg@gmail.com:acafaca13
hamter3456@gmail.com:fortnitelego69
fortnite2faverbinden@gmail.com:Mensch10
jasonfortnite534@gmail.com:Jason191208
sam_fortnite09@outlook.com:Mustang09
tomslora@gmail.com:g.3NYK!wwb8rv.S
crownatu8@gmail.com:Stylecutie14235
johnnytait878@gmail.com:ennjt103
fortnitedani77@gmail.com:Viktor.2012
gamersepehr814@gmail.com:fox12345678gg
medamn01@gmail.com:NoNotMeMe1010
tazjackson91@gmail.com:Loveass12
zayden.daniels2031@gmail.com:zayden12MnM
fortnite_alienaglow:valdemir1
demeynathan@gmail.com:MackCamion2006
bestdortnite:Bestfortnite
peterhansmit.demdickenschwanz@gmail.com:Jannick@14
miguel.binomo.investimento@gmail.com:zTah@6QPckLTYuM
diegorojas4900@gmail.com:mURCIELAGO15
notoriety@outlook.in:Kelian1357910
romchris27@gmail.com:BagttJKr32eZmw6
airmarcell@gmail.com:Marcell12897
domaslostmyacc@gmail.com:Donthackmyacc123
westonboyw@icloud.com:Elfboy123?
sadinpasalic790@gmail.com:Sad1N790
ludwigdress@icloud.com:Mowgli73
csabiyt2008@gamil.com:Focilabda1
jesper.kalvik@outlook.com:jespererbest151014
ferdiconrad@icloud.com:Apple2020!
fortnitewalk1:123123
franekloczek69@gmail.com:Rozwalewas123
mrfortniteai@gmail.com:Soccerhero1@
ethanharper200094@gmail.com:Gabe2009$$
timkobaukft@gmail.com:Robi2004
fnficke@gmail.com:123fortnite123
burtonhudson745@gmail.com:qj7MSMb4WLF6BM!
thiagofortnite690@gmail.com:jcole301719.
MarcusPT:midasfortnite2020
buddysum0907@gmail.com:Yankees224
armanogod@gmail.com:jeramiah713
ytalan130@gmail.com:June272009@#
TITAMARTING@GMAIL.COM:BMA22T49R2_
fortnitethebestcocoloco@gmail.com:Heyycivizxz
tarek7tarek1275@gmail.com:qD5mb2PsrDwn2yk
jmcb1410fortnite@gmail.com:Josetalaseta1410
marcus_viniciius:midasfortnite2020
ikerquiroga480@gmail.com:ikerito45
driftkingfortnite34@gmail.com:Fortnite34
jonathanburgmann@gmail.com:mama1805
gimmy.gnang@icloud.com:gimmy_pro-1220
marenreneb@gmail.com:Champ@111
dekst@abv.bg:deni1357aa
harutantanmarurutatchi@gmail.com:a20121211
jghjhnnhb:doggy121287
mrfortniteai@gmail.com:Chattha1234
demeynathan@gmail.com:Mack2006
fortnite123@spam4.me:test123
2002jpaa@hotmail.com:welovefortnite2332
fortnite:Giacomo1234
itesic564@gmail.com:farmingsimulator19
xmemofortnite@gmail.com:Memo@2008
rainoncmg@gmail.com:Boterhamdoos99
candelarioherrera96@yahoo.com:102345fortnite
bryce23456789:Ajbj0608
alvaroman472@gmail.com:holaqtal
fatimazahrabouattar@gmail.com:UGB05rajaRCACURVAsudUE06
fortnitemathilda@gmail.com:mathildaxxx
irfacio@yahoo.com:LosFacio#04
kcsherman17@gmail.com:kc12345!
jordonsteger319@gmail.com:9xbEsQdP7XSQfDy
p.saladin@eblcom.ch:799114PSps
jaequaninfo@gmail.com:itsmejaejae1
thedarkknight47mc:Whenwillfortnitebegood
Tsmfortnitegod27:Brown0903
442327807@kingswoodhs.nsw.edu.au:Taniesha21
lilnoblebeballin3@gmail.com:!mason9410
sjur.b.odegarden@icloud.com:Geneva8769
cassandrakunselman@gmail.com:Dusty2342011
marxus:midasfortnite2020
fortnite675@gmail.com:KyliannFx675
kaedendude@outlook.com:koda0420
ImLLLoved@gmail.com:JesusSaves!1
dinis.ferreira.1990@gmail.com:mamaco1357
teamvisionofficial:ethan0626
jokerboss7@gmail.com:Costel123
heinz-pat@web.de:creePer188!
fredrikslora@gmail.com:Fredrik2010!
lozanix01@gmail.com:Scriabin2015
olivertanhuansuu@gmail.com:Sitsukka
eareyess27@gmail.com:pajaro27
acope24@yahoo.com:Halo0912
thais.vitoriano2@gmail.com:moraes101011
maamounfn004@gmail.com:Milland09@
Fortnite_good45:Mustang09
abdoulaibled@gmail.com:fortnite
hassyywassyy:fortnitex123ry
nathanstar5:ilovefortnite
jamesfleming1903@dfirstmail.com:G00Ddoog@
dogc2000@yahoo.com:Nosleep@123
bianchilucas19@gmail.com:alvaroesuncapo123
granthemmert@gmail.com:JGGKBjjS2008!
leslovaquenoir@gmail.com:Lucas042007/
seppebogaerts475@gmail.com:Ikbenseppe123
emibv2011@gmail.com:Culol12430emi
liamvandermeer00@gmail.com:Ziggo6DAE2B2
7_Snyxer:ROBIN0715610le.bg
kakalaka201@gmail.com:Ljungdala10
bg73@mail.de:NoahZockt24/7
fortnitewalk:123123
gabrielhartness2099@gmail.com:Gabe2009$$
angelinigabriele23@gmail.com:69E5q@sfb75YF9U
johanroblox_fortnite:johanbotha1234
isaacpuckett307@gmail.com:Iambetterbutter1
jasenibrishimov@gmail.com:220510
banaan.ryustem@gmail.com:.SX6EXzQ2wSt8G!
theywontknowimhere:fortnite
sucrampt:midasfortnite2020
Obeykiewiz82@gmail.com:fortnite92
c3_fortnite:mURCIELAGO12
16194541684:fortnite82
timeo9303@gmail.com:Gironchti973
renzi.dantas@gmail.com:renzi1901
robertghorbani20@gmail.com:robertgho1.
ShikimorisanIsMy:midasfortnite2020
lorettahonsinger@gmail.com:Peaches123@
XXepicfortnite17god7:Rangerssss1!
luka.leki04@outlook.com:LukaLekia123#
lavawolfw@gmail.com:Felix2030!
jordinduncan30@outlook.com:fortnite@30
fortnite675@gmail.com:TC2k8v2WHQoTgT
fortnitediego122@gmail.com:diego2010A_
marcuseditorgg@gmail.com:Midasfortnite2020!
gigachaddone123@gmail.com:GIACO2010
sultanbaidas0@gmail.com:spider3511
Dragonstreamzttv:Kc12345!
animepro1825@gmail.com:Angelnavas0826@
mustafarishi2013@gmail.com:whitelion800
bikagabriel10@hotmail.com:21Octobre
Slipythegod:foxylover223
scrubphantom@gmail.com:ihatefortnite0872
alwin8:fortnite
dexter999fortnite@gmail.com:Dede2424!
iandaelenriquez@gmail.com:iandael@12345
aqilahuddin@gmail.com:Stylecutie4235
appworld5289@gmail.com:9932999192!Kr
lucasftn97@gmail.com:nX.7RQMu.sCXK5S
dallison.el@gmail.com:Peterbilt26
shane.garcia2012@gmail.com:Therock7!
fortniteproplayer211@gmail.com:TRYdani88
gigantallo1@gmail.com:omg@2020
x965674244@gmail.com:wd9HcTh!RWCT2De
popbaka25@gmal.com:tmtdiskfortnite2525
yolipondi@gmail.com:Dario_2010.
maxisjhanael302@gmail.com:jaman321
Mustanlook@outlook.com:Mustang09
sunnyalarie22@gmail.com:Cosmap06
rafaelpolicarpo26@outlook.com:Sebastianrafael8
fortnite675@gmail.com:Azerty675@
viniEditorgg:midasfortnite2020
martim888@icloud.com:vKYtqpRzvA4c8yb
jagiannas@gmail.com:telefonas123
Odileelguezar186@gmail.com:Larbi76.
jaidenfortnitelmao@gmail.com:Jaiden123
it7you89p0:Shaylah1
fortnitetime579@gmail.com:lukajovic1234
fortnitesoilderboy@gmail.com:WASDBNKOHNKOLMFAOPOLD=7895!!!
jaiersoto82:fortnite82
saymondragon2013@gmail.com:Szymon2013
fortnitebot10122@gmail.com:braydenmatta123
werytiktokplayer123@gmail.com:KUBABUBA123
kobefortnite@tocazoko.be:VoetbalU13
ojohnatangmz@gmail.com:7424epicJoHn@#%
fortnitestream853@gmail.com:Marcel05052011
lopezfloresdaniel23@gmail.com:lopezfloresdaniel23
wielandliam9@gmail.com:22448800
wadehudsonwade410@gmail.com:Wadehudson1
jorge_tgsc@live.com:Bonjovi30
1babyfishy@gmail.com:Euan1006
+98:manigame5883
kikivi675@outlook.fr:Mimille675fortnite675
kocatarikbugra@gmail.com:tbzn0310
nunogfmorais12@gmail.com:9616nunpg
456josiahjim@gmail.com:Want2play
troytam07@gmail.com:fatedestroyer
ANalSlater:Awesome1
ggfortnite689@gmail.com:omegaXidriss2022
profortnite40@gmail.com:profortnite40382601920
mpetersen1652@gmail.com:Desire1971
dakotarichardson546@gmail.com:drizzytoodrizzy
jamesss2378@gmail.com:quayson2378
khaliljaff1@gmail.com:thanks123
dendirahmatirawan@gmail.com:satria123
jasenibrishimov@gmail.com:b8ZwsNr3N_FhS_3
jasonfortnite453@gmail.com:jason191208
maacysgnssttsu@gmail.com:Midasfortnite2020
enzoborgna.05@gmail.com:tupadr33ntanga
ineedfortnitefree@gmail.com:kZCtr-L3v6+YM.h
rjkunselman11@gmail.com:Dusty2342011
Dxcler:*A.B*LuS@LiS364
fortnite675:mimille675
amadormateo288@gmail.com:Nichola$mateo04
lautyfortnite:48848633LA
YXDSniperGod:J@M@Lb3rrym@n
yallowdaddy@gmail.com:Andrew2013!
tudoran.razvan2011@gmail.com:Tudoran2011
lukeagacy@outlook.com:Willerby1
michnastepan2007@gmail.com:timP4NoFlegy2007
timi.ronkainen13@gmail.com:Buick57!
mrsucvdsmrkloijk@gmail.com:Cardhu12@
hosni.boujemaa@gmail.com:QVHK33v8VdiaMvV
dumitrulucabadea@gmail.com:zTucc3yyfFeY4CF
elThehogun7u7:fortnite123
harrydamianbrown05@gmail.com:Mummy1989
andreivalliant@gmail.com:Andrei@2010
ishaan13p@gmail.com:Ishaan1230!%
lucasmarianogg@gmail.com:12123434_Ma
whatamidoing:th2ZazsCP!uQSKm
csabii._.:Focilabda1
crank90sallyear@gmail.com:Want2play456
badwars_tanqrfan:Chukiechukiefortnitepro123.
AYRTON.MEYER@hotmail.com:A49106440
lukascrm62@gmail.com:dwYQ3fyW
Muckispinner@gmail.com:w6699mw6699m
fortnite:8y*nVWNKwcmw&C8
timeo9303@gmail.com:TrayTray_9.7.3.
cyberlaser0@gmail.com:September12010
cont.fortnite4324@gmail.com:mitracheaugustin2012
Nicolas120709@gmail.com:Nicolas12
sam_fortnite@outlook.com:Mustang09
Cloud1022:Cloud990!$$
musat.matthais@icloud.com:MusatMatthais12
bonacchir09@gmail.com:Juventus2@1.
